11:37:59 **** Incremental Build of configuration Debug for project UDAR_Project ****
make -j4 all 
arm-none-eabi-gcc "../Core/Src/main.c" -mcpu=cortex-m4 -std=gnu11 -g3 -DDEBUG -DUSE_HAL_DRIVER -DSTM32F411xE -c -I../Core/Inc -I../Drivers/STM32F4xx_HAL_Driver/Inc -I../Drivers/STM32F4xx_HAL_Driver/Inc/Legacy -I../Drivers/CMSIS/Device/ST/STM32F4xx/Include -I../Drivers/CMSIS/Include -O0 -ffunction-sections -fdata-sections -Wall -fstack-usage -MMD -MP -MF"Core/Src/main.d" -MT"Core/Src/main.o" --specs=nano.specs -mfpu=fpv4-sp-d16 -mfloat-abi=hard -mthumb -o "Core/Src/main.o"
../Core/Src/main.c: In function 'main':
../Core/Src/main.c:280:7: warning: statement with no effect [-Wunused-value]
  280 |       for (w; w < 3; w++) {
      |       ^~~
../Core/Src/main.c:308:34: warning: passing argument 2 of 'HAL_UART_Receive_IT' from incompatible pointer type [-Wincompatible-pointer-types]
  308 |     HAL_UART_Receive_IT(&huart1, &byte, 2);
      |                                  ^~~~~
      |                                  |
      |                                  volatile uint8_t (*)[2] {aka volatile unsigned char (*)[2]}
In file included from ../Core/Inc/stm32f4xx_hal_conf.h:407,
                 from ../Drivers/STM32F4xx_HAL_Driver/Inc/stm32f4xx_hal.h:29,
                 from ../Core/Inc/main.h:30,
                 from ../Core/Src/main.c:20:
../Drivers/STM32F4xx_HAL_Driver/Inc/stm32f4xx_hal_uart.h:725:75: note: expected 'uint8_t *' {aka 'unsigned char *'} but argument is of type 'volatile uint8_t (*)[2]' {aka 'volatile unsigned char (*)[2]'}
  725 | HAL_StatusTypeDef HAL_UART_Receive_IT(UART_HandleTypeDef *huart, uint8_t *pData, uint16_t Size);
      |                                                                  ~~~~~~~~~^~~~~
../Core/Src/main.c:386:34: warning: passing argument 2 of 'HAL_UART_Receive_IT' from incompatible pointer type [-Wincompatible-pointer-types]
  386 |     HAL_UART_Receive_IT(&huart1, &byte, 2);
      |                                  ^~~~~
      |                                  |
      |                                  volatile uint8_t (*)[2] {aka volatile unsigned char (*)[2]}
In file included from ../Core/Inc/stm32f4xx_hal_conf.h:407,
                 from ../Drivers/STM32F4xx_HAL_Driver/Inc/stm32f4xx_hal.h:29,
                 from ../Core/Inc/main.h:30,
                 from ../Core/Src/main.c:20:
../Drivers/STM32F4xx_HAL_Driver/Inc/stm32f4xx_hal_uart.h:725:75: note: expected 'uint8_t *' {aka 'unsigned char *'} but argument is of type 'volatile uint8_t (*)[2]' {aka 'volatile unsigned char (*)[2]'}
  725 | HAL_StatusTypeDef HAL_UART_Receive_IT(UART_HandleTypeDef *huart, uint8_t *pData, uint16_t Size);
      |                                                                  ~~~~~~~~~^~~~~
../Core/Src/main.c:391:13: warning: cast from pointer to integer of different size [-Wpointer-to-int-cast]
  391 |     sprintf((char) msg_buffer, "\r\n Distance Sensed (mm)= %d",
      |             ^
../Core/Src/main.c:391:13: warning: passing argument 1 of 'sprintf' makes pointer from integer without a cast [-Wint-conversion]
  391 |     sprintf((char) msg_buffer, "\r\n Distance Sensed (mm)= %d",
      |             ^~~~~~~~~~~~~~~~~
      |             |
      |             char
In file included from ../Core/Src/main.c:25:
c:\st\stm32cubeide_1.10.1\stm32cubeide\plugins\com.st.stm32cube.ide.mcu.externaltools.gnu-tools-for-stm32.10.3-2021.10.win32_1.0.0.202111181127\tools\arm-none-eabi\include\stdio.h:244:14: note: expected 'char * restrict' but argument is of type 'char'
  244 | int sprintf (char *__restrict, const char *__restrict, ...)
      |              ^
../Core/Src/main.c:394:14: warning: cast from pointer to integer of different size [-Wpointer-to-int-cast]
  394 |       strlen((char) msg_buffer), 500);
      |              ^
../Core/Src/main.c:394:14: warning: passing argument 1 of 'strlen' makes pointer from integer without a cast [-Wint-conversion]
  394 |       strlen((char) msg_buffer), 500);
      |              ^~~~~~~~~~~~~~~~~
      |              |
      |              char
In file included from ../Core/Src/main.c:24:
c:\st\stm32cubeide_1.10.1\stm32cubeide\plugins\com.st.stm32cube.ide.mcu.externaltools.gnu-tools-for-stm32.10.3-2021.10.win32_1.0.0.202111181127\tools\arm-none-eabi\include\string.h:41:17: note: expected 'const char *' but argument is of type 'char'
   41 | size_t  strlen (const char *);
      |                 ^~~~~~~~~~~~
arm-none-eabi-gcc -o "UDAR_Project.elf" @"objects.list"   -mcpu=cortex-m4 -T"N:\ECE298\STM32_Workspace\UDAR_Project\STM32F411RETX_FLASH.ld" --specs=nosys.specs -Wl,-Map="UDAR_Project.map" -Wl,--gc-sections -static --specs=nano.specs -mfpu=fpv4-sp-d16 -mfloat-abi=hard -mthumb -Wl,--start-group -lc -lm -Wl,--end-group
Finished building target: UDAR_Project.elf
 
arm-none-eabi-size   UDAR_Project.elf 
arm-none-eabi-objdump -h -S  UDAR_Project.elf  > "UDAR_Project.list"
   text	   data	    bss	    dec	    hex	filename
  23892	    124	   2020	  26036	   65b4	UDAR_Project.elf
Finished building: default.size.stdout
 
Finished building: UDAR_Project.list
 

11:38:01 Build Finished. 0 errors, 7 warnings. (took 2s.62ms)

